[
    {
        "type": "code",
        "value": "function hello() {\n    console.log('Hello, World!');\n}",
        "attributes": null
    }
]
