{
    "code": [
        "function hello() {\n    console.log('Hello, World!');\n}"
    ],
    "context": [],
    "tests": []
}
