[
    {
        "type": "context",
        "subtype": null,
        "value": "\nThis document contains tests, source code and contextual\ntext. The idea is, this is how we would write our tests\nand our production code. It would all live together!\n",
        "attributes": null,
        "children": []
    },
    {
        "type": "code",
        "subtype": null,
        "value": "\nfunction add(a, b, ...args) {\n    return args.reduce((sum, next) => sum + next, a + b);\n}\n",
        "attributes": null,
        "children": []
    },
    {
        "type": "context",
        "subtype": null,
        "value": "\nNext is our test block. All tests would be written\nhere and then extracted and placed in a test file,\nfilling a template\n",
        "attributes": null,
        "children": []
    },
    {
        "type": "code",
        "subtype": null,
        "value": "",
        "attributes": null,
        "children": []
    },
    {
        "type": "directive",
        "subtype": "tests",
        "value": "",
        "attributes": {
            "api-reference-name": "codeTextAndTestCase",
            "methods": [
                "add"
            ]
        },
        "children": [
            {
                "type": "code",
                "subtype": null,
                "value": "\ndescribe(\"Add behavior\", function(){",
                "attributes": null,
                "children": []
            },
            {
                "type": "context",
                "subtype": null,
                "value": "   \n   Here's some more information that goes with tests\n   ",
                "attributes": null,
                "children": []
            },
            {
                "type": "code",
                "subtype": null,
                "value": "    it(\"sums a and b\", function(){\n        assert.equal(add(5, 6), 11);\n    });\n\n});\n",
                "attributes": null,
                "children": []
            }
        ]
    }
]
