[
    {
        "type": "context",
        "subtype": null,
        "value": "\nThis is some text. It is my text and it is nice.\n",
        "attributes": null,
        "children": []
    },
    {
        "type": "code",
        "subtype": null,
        "value": "\nfunction hello() {\n    console.log('Hello, World!');\n}\n",
        "attributes": null,
        "children": []
    },
    {
        "type": "context",
        "subtype": null,
        "value": "\nHere is some more text\n",
        "attributes": null,
        "children": []
    },
    {
        "type": "code",
        "subtype": null,
        "value": "\nconsole.log('This is also code.')",
        "attributes": null,
        "children": []
    }
]
